{
  "version": "1.5.0",
  "plugins_used": [
    {
      "name": "ArtifactoryDetector"
    },
    {
      "name": "AWSKeyDetector"
    },
    {
      "name": "AzureStorageKeyDetector"
    },
    {
      "name": "Base64HighEntropyString",
      "limit": 4.5
    },
    {
      "name": "BasicAuthDetector"
    },
    {
      "name": "CloudantDetector"
    },
    {
      "name": "DiscordBotTokenDetector"
    },
    {
      "name": "GitHubTokenDetector"
    },
    {
      "name": "GitLabTokenDetector"
    },
    {
      "name": "HexHighEntropyString",
      "limit": 3.0
    },
    {
      "name": "IbmCloudIamDetector"
    },
    {
      "name": "IbmCosHmacDetector"
    },
    {
      "name": "IPPublicDetector"
    },
    {
      "name": "JwtTokenDetector"
    },
    {
      "name": "KeywordDetector",
      "keyword_exclude": ""
    },
    {
      "name": "MailchimpDetector"
    },
    {
      "name": "NpmDetector"
    },
    {
      "name": "OpenAIDetector"
    },
    {
      "name": "PrivateKeyDetector"
    },
    {
      "name": "PypiTokenDetector"
    },
    {
      "name": "SendGridDetector"
    },
    {
      "name": "SlackDetector"
    },
    {
      "name": "SoftlayerDetector"
    },
    {
      "name": "SquareOAuthDetector"
    },
    {
      "name": "StripeDetector"
    },
    {
      "name": "TelegramBotTokenDetector"
    },
    {
      "name": "TwilioKeyDetector"
    }
  ],
  "filters_used": [
    {
      "path": "detect_secrets.filters.allowlist.is_line_allowlisted"
    },
    {
      "path": "detect_secrets.filters.common.is_baseline_file",
      "filename": "/home/lc/PycharmProjects/altcensored/.secrets.baseline"
    },
    {
      "path": "detect_secrets.filters.common.is_ignored_due_to_verification_policies",
      "min_level": 2
    },
    {
      "path": "detect_secrets.filters.heuristic.is_indirect_reference"
    },
    {
      "path": "detect_secrets.filters.heuristic.is_likely_id_string"
    },
    {
      "path": "detect_secrets.filters.heuristic.is_lock_file"
    },
    {
      "path": "detect_secrets.filters.heuristic.is_not_alphanumeric_string"
    },
    {
      "path": "detect_secrets.filters.heuristic.is_potential_uuid"
    },
    {
      "path": "detect_secrets.filters.heuristic.is_prefixed_with_dollar_sign"
    },
    {
      "path": "detect_secrets.filters.heuristic.is_sequential_string"
    },
    {
      "path": "detect_secrets.filters.heuristic.is_swagger_file"
    },
    {
      "path": "detect_secrets.filters.heuristic.is_templated_secret"
    },
    {
      "path": "detect_secrets.filters.regex.should_exclude_file",
      "pattern": [
        "\\.mo$",
        "messages\\.pot$"
      ]
    }
  ],
  "results": {
    "CLAUDE.md": [
      {
        "type": "Basic Auth Credentials",
        "filename": "CLAUDE.md",
        "hashed_secret": "9d4e1e23bd5b727046a9e3b4b7db57bd8d6ee684",
        "is_verified": false,
        "line_number": 21
      }
    ],
    "alt2/auth/routes.py": [
      {
        "type": "Secret Keyword",
        "filename": "alt2/auth/routes.py",
        "hashed_secret": "cac822eb65e58e3672fff81a40409d790164a842",
        "is_verified": false,
        "line_number": 25
      }
    ],
    "docker-compose.yml": [
      {
        "type": "Secret Keyword",
        "filename": "docker-compose.yml",
        "hashed_secret": "939bb46a04c3640c8c427e92b1b557e882e2d2a0",
        "is_verified": false,
        "line_number": 12
      }
    ],
    "migrations/001_populate_crypto.sql": [
      {
        "type": "Base64 High Entropy String",
        "filename": "migrations/001_populate_crypto.sql",
        "hashed_secret": "e844290ecb20a4556628d10da61ddfea200e42ed",
        "is_verified": false,
        "line_number": 1
      },
      {
        "type": "Base64 High Entropy String",
        "filename": "migrations/001_populate_crypto.sql",
        "hashed_secret": "999007afc672d2ee32ea04901c59aad54e1cecdb",
        "is_verified": false,
        "line_number": 2
      },
      {
        "type": "Base64 High Entropy String",
        "filename": "migrations/001_populate_crypto.sql",
        "hashed_secret": "51e505d8f96eae493cfe8e3337c97450118e0dae",
        "is_verified": false,
        "line_number": 4
      },
      {
        "type": "Base64 High Entropy String",
        "filename": "migrations/001_populate_crypto.sql",
        "hashed_secret": "2a25b302d750276370d12d4fe431c21b340fa223",
        "is_verified": false,
        "line_number": 5
      },
      {
        "type": "Base64 High Entropy String",
        "filename": "migrations/001_populate_crypto.sql",
        "hashed_secret": "c5c1680b7aac41d7c50d6cbde4bb89a387e1ab3a",
        "is_verified": false,
        "line_number": 7
      },
      {
        "type": "Base64 High Entropy String",
        "filename": "migrations/001_populate_crypto.sql",
        "hashed_secret": "b1bf8ad573b8228f7dcf2c6a08e5fa48ceef5262",
        "is_verified": false,
        "line_number": 8
      },
      {
        "type": "Base64 High Entropy String",
        "filename": "migrations/001_populate_crypto.sql",
        "hashed_secret": "70ca43d4bd31aa84f00df80e58ba08c1b781dea7",
        "is_verified": false,
        "line_number": 9
      }
    ]
  },
  "generated_at": "2026-06-09T20:38:44Z"
}
