{
  "version": "1.5.0",
  "plugins_used": [
    {
      "name": "ArtifactoryDetector"
    },
    {
      "name": "AWSKeyDetector"
    },
    {
      "name": "AzureStorageKeyDetector"
    },
    {
      "name": "Base64HighEntropyString",
      "limit": 4.5
    },
    {
      "name": "BasicAuthDetector"
    },
    {
      "name": "CloudantDetector"
    },
    {
      "name": "DiscordBotTokenDetector"
    },
    {
      "name": "GitHubTokenDetector"
    },
    {
      "name": "GitLabTokenDetector"
    },
    {
      "name": "HexHighEntropyString",
      "limit": 3.0
    },
    {
      "name": "IbmCloudIamDetector"
    },
    {
      "name": "IbmCosHmacDetector"
    },
    {
      "name": "IPPublicDetector"
    },
    {
      "name": "JwtTokenDetector"
    },
    {
      "name": "KeywordDetector",
      "keyword_exclude": ""
    },
    {
      "name": "MailchimpDetector"
    },
    {
      "name": "NpmDetector"
    },
    {
      "name": "OpenAIDetector"
    },
    {
      "name": "PrivateKeyDetector"
    },
    {
      "name": "PypiTokenDetector"
    },
    {
      "name": "SendGridDetector"
    },
    {
      "name": "SlackDetector"
    },
    {
      "name": "SoftlayerDetector"
    },
    {
      "name": "SquareOAuthDetector"
    },
    {
      "name": "StripeDetector"
    },
    {
      "name": "TelegramBotTokenDetector"
    },
    {
      "name": "TwilioKeyDetector"
    }
  ],
  "filters_used": [
    {
      "path": "detect_secrets.filters.allowlist.is_line_allowlisted"
    },
    {
      "path": "detect_secrets.filters.common.is_baseline_file",
      "filename": "/home/lc/PycharmProjects/altcensored/.secrets.baseline"
    },
    {
      "path": "detect_secrets.filters.common.is_ignored_due_to_verification_policies",
      "min_level": 2
    },
    {
      "path": "detect_secrets.filters.heuristic.is_indirect_reference"
    },
    {
      "path": "detect_secrets.filters.heuristic.is_likely_id_string"
    },
    {
      "path": "detect_secrets.filters.heuristic.is_lock_file"
    },
    {
      "path": "detect_secrets.filters.heuristic.is_not_alphanumeric_string"
    },
    {
      "path": "detect_secrets.filters.heuristic.is_potential_uuid"
    },
    {
      "path": "detect_secrets.filters.heuristic.is_prefixed_with_dollar_sign"
    },
    {
      "path": "detect_secrets.filters.heuristic.is_sequential_string"
    },
    {
      "path": "detect_secrets.filters.heuristic.is_swagger_file"
    },
    {
      "path": "detect_secrets.filters.heuristic.is_templated_secret"
    },
    {
      "path": "detect_secrets.filters.regex.should_exclude_file",
      "pattern": [
        "\\.mo$",
        "messages\\.pot$"
      ]
    }
  ],
  "results": {
    ".secrets.baseline": [
      {
        "type": "Hex High Entropy String",
        "filename": ".secrets.baseline",
        "hashed_secret": "a75a4b24d2fda5b9a72a5318cf59dd76c2a2b300",
        "is_verified": false,
        "line_number": 141
      },
      {
        "type": "Secret Keyword",
        "filename": ".secrets.baseline",
        "hashed_secret": "a75a4b24d2fda5b9a72a5318cf59dd76c2a2b300",
        "is_verified": false,
        "line_number": 141
      },
      {
        "type": "Hex High Entropy String",
        "filename": ".secrets.baseline",
        "hashed_secret": "cbdd8916053df828619d29be29da971f6963fb8a",
        "is_verified": false,
        "line_number": 155
      },
      {
        "type": "Secret Keyword",
        "filename": ".secrets.baseline",
        "hashed_secret": "cbdd8916053df828619d29be29da971f6963fb8a",
        "is_verified": false,
        "line_number": 155
      },
      {
        "type": "Hex High Entropy String",
        "filename": ".secrets.baseline",
        "hashed_secret": "355ea81c32b8391fbb77412b3b4ec2b7bb0ca74b",
        "is_verified": false,
        "line_number": 169
      },
      {
        "type": "Secret Keyword",
        "filename": ".secrets.baseline",
        "hashed_secret": "355ea81c32b8391fbb77412b3b4ec2b7bb0ca74b",
        "is_verified": false,
        "line_number": 169
      },
      {
        "type": "Hex High Entropy String",
        "filename": ".secrets.baseline",
        "hashed_secret": "516002568b453ff4ee0a56d6087546c018ce2a95",
        "is_verified": false,
        "line_number": 183
      },
      {
        "type": "Secret Keyword",
        "filename": ".secrets.baseline",
        "hashed_secret": "516002568b453ff4ee0a56d6087546c018ce2a95",
        "is_verified": false,
        "line_number": 183
      },
      {
        "type": "Hex High Entropy String",
        "filename": ".secrets.baseline",
        "hashed_secret": "7da1577a98341ebd216f52719756cd1e786ab29c",
        "is_verified": false,
        "line_number": 197
      },
      {
        "type": "Secret Keyword",
        "filename": ".secrets.baseline",
        "hashed_secret": "7da1577a98341ebd216f52719756cd1e786ab29c",
        "is_verified": false,
        "line_number": 197
      },
      {
        "type": "Hex High Entropy String",
        "filename": ".secrets.baseline",
        "hashed_secret": "9187d31d2f35f70c77a12cac0d24beecdd8205db",
        "is_verified": false,
        "line_number": 211
      },
      {
        "type": "Secret Keyword",
        "filename": ".secrets.baseline",
        "hashed_secret": "9187d31d2f35f70c77a12cac0d24beecdd8205db",
        "is_verified": false,
        "line_number": 211
      },
      {
        "type": "Hex High Entropy String",
        "filename": ".secrets.baseline",
        "hashed_secret": "9e223be94d5ec76f3a9303a174dd39c611687cd9",
        "is_verified": false,
        "line_number": 225
      },
      {
        "type": "Secret Keyword",
        "filename": ".secrets.baseline",
        "hashed_secret": "9e223be94d5ec76f3a9303a174dd39c611687cd9",
        "is_verified": false,
        "line_number": 225
      },
      {
        "type": "Hex High Entropy String",
        "filename": ".secrets.baseline",
        "hashed_secret": "6e2a3dba319937c354903b6b9b2165c1a2224ea5",
        "is_verified": false,
        "line_number": 239
      },
      {
        "type": "Secret Keyword",
        "filename": ".secrets.baseline",
        "hashed_secret": "6e2a3dba319937c354903b6b9b2165c1a2224ea5",
        "is_verified": false,
        "line_number": 239
      },
      {
        "type": "Hex High Entropy String",
        "filename": ".secrets.baseline",
        "hashed_secret": "28dfe34ebbf32d505317ee4ce3a193a5eab6195e",
        "is_verified": false,
        "line_number": 253
      },
      {
        "type": "Secret Keyword",
        "filename": ".secrets.baseline",
        "hashed_secret": "28dfe34ebbf32d505317ee4ce3a193a5eab6195e",
        "is_verified": false,
        "line_number": 253
      },
      {
        "type": "Hex High Entropy String",
        "filename": ".secrets.baseline",
        "hashed_secret": "1aa3eaac84692067153aeedb55d9a2e3a8774550",
        "is_verified": false,
        "line_number": 267
      },
      {
        "type": "Secret Keyword",
        "filename": ".secrets.baseline",
        "hashed_secret": "1aa3eaac84692067153aeedb55d9a2e3a8774550",
        "is_verified": false,
        "line_number": 267
      },
      {
        "type": "Hex High Entropy String",
        "filename": ".secrets.baseline",
        "hashed_secret": "c4630d05ac3ffd099fdb02373ca70ac9ac183930",
        "is_verified": false,
        "line_number": 281
      },
      {
        "type": "Secret Keyword",
        "filename": ".secrets.baseline",
        "hashed_secret": "c4630d05ac3ffd099fdb02373ca70ac9ac183930",
        "is_verified": false,
        "line_number": 281
      },
      {
        "type": "Hex High Entropy String",
        "filename": ".secrets.baseline",
        "hashed_secret": "8e17c18b4c58b2bcfa9b0429717f32bc4aced88f",
        "is_verified": false,
        "line_number": 295
      },
      {
        "type": "Secret Keyword",
        "filename": ".secrets.baseline",
        "hashed_secret": "8e17c18b4c58b2bcfa9b0429717f32bc4aced88f",
        "is_verified": false,
        "line_number": 295
      },
      {
        "type": "Hex High Entropy String",
        "filename": ".secrets.baseline",
        "hashed_secret": "4696f073dab4c14a1585f078d507651965ff16e5",
        "is_verified": false,
        "line_number": 309
      },
      {
        "type": "Secret Keyword",
        "filename": ".secrets.baseline",
        "hashed_secret": "4696f073dab4c14a1585f078d507651965ff16e5",
        "is_verified": false,
        "line_number": 309
      },
      {
        "type": "Hex High Entropy String",
        "filename": ".secrets.baseline",
        "hashed_secret": "788ff0651a3cc382463f9972e32155f33aabb057",
        "is_verified": false,
        "line_number": 323
      },
      {
        "type": "Secret Keyword",
        "filename": ".secrets.baseline",
        "hashed_secret": "788ff0651a3cc382463f9972e32155f33aabb057",
        "is_verified": false,
        "line_number": 323
      },
      {
        "type": "Hex High Entropy String",
        "filename": ".secrets.baseline",
        "hashed_secret": "d74cbeea4951fcccd5ddd59161570d83dbccb5f6",
        "is_verified": false,
        "line_number": 337
      },
      {
        "type": "Secret Keyword",
        "filename": ".secrets.baseline",
        "hashed_secret": "d74cbeea4951fcccd5ddd59161570d83dbccb5f6",
        "is_verified": false,
        "line_number": 337
      },
      {
        "type": "Hex High Entropy String",
        "filename": ".secrets.baseline",
        "hashed_secret": "83972d5159663f3b84d06bd0fffd00100221a75b",
        "is_verified": false,
        "line_number": 351
      },
      {
        "type": "Secret Keyword",
        "filename": ".secrets.baseline",
        "hashed_secret": "83972d5159663f3b84d06bd0fffd00100221a75b",
        "is_verified": false,
        "line_number": 351
      },
      {
        "type": "Hex High Entropy String",
        "filename": ".secrets.baseline",
        "hashed_secret": "b3d67fed7bda38f9f704ae156574d83204ad950d",
        "is_verified": false,
        "line_number": 365
      },
      {
        "type": "Secret Keyword",
        "filename": ".secrets.baseline",
        "hashed_secret": "b3d67fed7bda38f9f704ae156574d83204ad950d",
        "is_verified": false,
        "line_number": 365
      },
      {
        "type": "Hex High Entropy String",
        "filename": ".secrets.baseline",
        "hashed_secret": "a9966effed754388236c5a2d113d5976a80a8e0f",
        "is_verified": false,
        "line_number": 379
      },
      {
        "type": "Secret Keyword",
        "filename": ".secrets.baseline",
        "hashed_secret": "a9966effed754388236c5a2d113d5976a80a8e0f",
        "is_verified": false,
        "line_number": 379
      },
      {
        "type": "Hex High Entropy String",
        "filename": ".secrets.baseline",
        "hashed_secret": "e4f64659d3e01232d36c94747b73f2ef1acd8f0d",
        "is_verified": false,
        "line_number": 393
      },
      {
        "type": "Secret Keyword",
        "filename": ".secrets.baseline",
        "hashed_secret": "e4f64659d3e01232d36c94747b73f2ef1acd8f0d",
        "is_verified": false,
        "line_number": 393
      },
      {
        "type": "Hex High Entropy String",
        "filename": ".secrets.baseline",
        "hashed_secret": "5d7ca265578dd6a2aeba42e59f91aa171df51cce",
        "is_verified": false,
        "line_number": 407
      },
      {
        "type": "Secret Keyword",
        "filename": ".secrets.baseline",
        "hashed_secret": "5d7ca265578dd6a2aeba42e59f91aa171df51cce",
        "is_verified": false,
        "line_number": 407
      },
      {
        "type": "Hex High Entropy String",
        "filename": ".secrets.baseline",
        "hashed_secret": "300ac668c782c666a9de0f2ccb59cea082255b5d",
        "is_verified": false,
        "line_number": 423
      },
      {
        "type": "Secret Keyword",
        "filename": ".secrets.baseline",
        "hashed_secret": "300ac668c782c666a9de0f2ccb59cea082255b5d",
        "is_verified": false,
        "line_number": 423
      },
      {
        "type": "Hex High Entropy String",
        "filename": ".secrets.baseline",
        "hashed_secret": "85f8256562ef61791da4bc61383743857978b564",
        "is_verified": false,
        "line_number": 432
      },
      {
        "type": "Secret Keyword",
        "filename": ".secrets.baseline",
        "hashed_secret": "85f8256562ef61791da4bc61383743857978b564",
        "is_verified": false,
        "line_number": 432
      },
      {
        "type": "Hex High Entropy String",
        "filename": ".secrets.baseline",
        "hashed_secret": "80861c64f0564bc749127211064d886efa80cfed",
        "is_verified": false,
        "line_number": 441
      },
      {
        "type": "Secret Keyword",
        "filename": ".secrets.baseline",
        "hashed_secret": "80861c64f0564bc749127211064d886efa80cfed",
        "is_verified": false,
        "line_number": 441
      },
      {
        "type": "Hex High Entropy String",
        "filename": ".secrets.baseline",
        "hashed_secret": "ffb36dbe917d7c336f5a3bd6be7f5d0f5c95a98f",
        "is_verified": false,
        "line_number": 450
      },
      {
        "type": "Secret Keyword",
        "filename": ".secrets.baseline",
        "hashed_secret": "ffb36dbe917d7c336f5a3bd6be7f5d0f5c95a98f",
        "is_verified": false,
        "line_number": 450
      },
      {
        "type": "Hex High Entropy String",
        "filename": ".secrets.baseline",
        "hashed_secret": "890b32d8c8dd2de2128b147535eec78dedf2c8bb",
        "is_verified": false,
        "line_number": 457
      },
      {
        "type": "Secret Keyword",
        "filename": ".secrets.baseline",
        "hashed_secret": "890b32d8c8dd2de2128b147535eec78dedf2c8bb",
        "is_verified": false,
        "line_number": 457
      },
      {
        "type": "Hex High Entropy String",
        "filename": ".secrets.baseline",
        "hashed_secret": "1999a8cb1e27b195c87aff8e22ee2212d3f3759a",
        "is_verified": false,
        "line_number": 464
      },
      {
        "type": "Secret Keyword",
        "filename": ".secrets.baseline",
        "hashed_secret": "1999a8cb1e27b195c87aff8e22ee2212d3f3759a",
        "is_verified": false,
        "line_number": 464
      },
      {
        "type": "Hex High Entropy String",
        "filename": ".secrets.baseline",
        "hashed_secret": "8257f46ddd3e5eec5473a009c1d8271bb3d92059",
        "is_verified": false,
        "line_number": 471
      },
      {
        "type": "Secret Keyword",
        "filename": ".secrets.baseline",
        "hashed_secret": "8257f46ddd3e5eec5473a009c1d8271bb3d92059",
        "is_verified": false,
        "line_number": 471
      },
      {
        "type": "Hex High Entropy String",
        "filename": ".secrets.baseline",
        "hashed_secret": "951667204bb54419850f4123d609372dc818d46d",
        "is_verified": false,
        "line_number": 478
      },
      {
        "type": "Secret Keyword",
        "filename": ".secrets.baseline",
        "hashed_secret": "951667204bb54419850f4123d609372dc818d46d",
        "is_verified": false,
        "line_number": 478
      },
      {
        "type": "Hex High Entropy String",
        "filename": ".secrets.baseline",
        "hashed_secret": "5f9321f666e432c53f14fab0862feb86d3a5cb31",
        "is_verified": false,
        "line_number": 485
      },
      {
        "type": "Secret Keyword",
        "filename": ".secrets.baseline",
        "hashed_secret": "5f9321f666e432c53f14fab0862feb86d3a5cb31",
        "is_verified": false,
        "line_number": 485
      },
      {
        "type": "Hex High Entropy String",
        "filename": ".secrets.baseline",
        "hashed_secret": "35a8f2064fd858e973907c857ae51393e38bcebb",
        "is_verified": false,
        "line_number": 492
      },
      {
        "type": "Secret Keyword",
        "filename": ".secrets.baseline",
        "hashed_secret": "35a8f2064fd858e973907c857ae51393e38bcebb",
        "is_verified": false,
        "line_number": 492
      }
    ],
    "CLAUDE.md": [
      {
        "type": "Basic Auth Credentials",
        "filename": "CLAUDE.md",
        "hashed_secret": "9d4e1e23bd5b727046a9e3b4b7db57bd8d6ee684",
        "is_verified": false,
        "line_number": 21
      }
    ],
    "alt2/auth/routes.py": [
      {
        "type": "Secret Keyword",
        "filename": "alt2/auth/routes.py",
        "hashed_secret": "cac822eb65e58e3672fff81a40409d790164a842",
        "is_verified": false,
        "line_number": 25
      }
    ],
    "docker-compose.yml": [
      {
        "type": "Secret Keyword",
        "filename": "docker-compose.yml",
        "hashed_secret": "939bb46a04c3640c8c427e92b1b557e882e2d2a0",
        "is_verified": false,
        "line_number": 12
      }
    ],
    "migrations/001_populate_crypto.sql": [
      {
        "type": "Base64 High Entropy String",
        "filename": "migrations/001_populate_crypto.sql",
        "hashed_secret": "e844290ecb20a4556628d10da61ddfea200e42ed",
        "is_verified": false,
        "line_number": 1
      },
      {
        "type": "Base64 High Entropy String",
        "filename": "migrations/001_populate_crypto.sql",
        "hashed_secret": "999007afc672d2ee32ea04901c59aad54e1cecdb",
        "is_verified": false,
        "line_number": 2
      },
      {
        "type": "Base64 High Entropy String",
        "filename": "migrations/001_populate_crypto.sql",
        "hashed_secret": "51e505d8f96eae493cfe8e3337c97450118e0dae",
        "is_verified": false,
        "line_number": 4
      },
      {
        "type": "Base64 High Entropy String",
        "filename": "migrations/001_populate_crypto.sql",
        "hashed_secret": "2a25b302d750276370d12d4fe431c21b340fa223",
        "is_verified": false,
        "line_number": 5
      },
      {
        "type": "Base64 High Entropy String",
        "filename": "migrations/001_populate_crypto.sql",
        "hashed_secret": "c5c1680b7aac41d7c50d6cbde4bb89a387e1ab3a",
        "is_verified": false,
        "line_number": 7
      },
      {
        "type": "Base64 High Entropy String",
        "filename": "migrations/001_populate_crypto.sql",
        "hashed_secret": "b1bf8ad573b8228f7dcf2c6a08e5fa48ceef5262",
        "is_verified": false,
        "line_number": 8
      },
      {
        "type": "Base64 High Entropy String",
        "filename": "migrations/001_populate_crypto.sql",
        "hashed_secret": "70ca43d4bd31aa84f00df80e58ba08c1b781dea7",
        "is_verified": false,
        "line_number": 9
      }
    ]
  },
  "generated_at": "2026-06-10T10:33:07Z"
}
